// Jest Snapshot v1, https://goo.gl/fbAQLP

exports[`<TestimonyCard /> should render correctly 1`] = `
.c0 {
  position: relative;
  width: 100%;
  max-width: 58.8rem;
  height: 40rem;
  border-radius: 0.4rem;
  background: #FAFAFA;
  overflow: hidden;
  -webkit-transition: all 0.3s;
  transition: all 0.3s;
}

.c0::before {
  position: absolute;
  content: '';
  width: 100%;
  height: 100%;
  top: 0;
  left: 0;
  background: radial-gradient( 112.99% 451.94% at 0% 100%,rgba(0,0,0,0.7) 0%,rgba(0,0,0,0) 100% ),url('/img/noise-overlay.png');
  z-index: 10;
}

.c0:hover {
  -webkit-transform: scale(1.005);
  -ms-transform: scale(1.005);
  transform: scale(1.005);
}

.c0:hover .c1 > span {
  -webkit-transform: scale(1.02);
  -ms-transform: scale(1.02);
  transform: scale(1.02);
}

.c5 img {
  width: 100%;
  height: 100%;
  object-fit: cover;
  z-index: 0;
}

.c2 {
  position: absolute;
  bottom: 0;
  left: 0;
  z-index: 50;
  color: #FFFFFF;
  padding: 2.4rem;
  max-width: 460px;
}

.c2 > span {
  display: block;
  font-size: 2.0rem;
  line-height: calc(2.4rem + 0.2rem);
  -webkit-letter-spacing: -0.01em;
  -moz-letter-spacing: -0.01em;
  -ms-letter-spacing: -0.01em;
  letter-spacing: -0.01em;
  -webkit-transition: all 0.3s;
  transition: all 0.3s;
}

.c2 > span::after {
  content: '”';
}

.c2 > span::before {
  content: '“';
}

.c3 {
  display: grid;
  grid-template-areas: 'avatar name' 'avatar city';
  grid-template-columns: 40px auto;
  -webkit-column-gap: 1.6rem;
  column-gap: 1.6rem;
  margin-top: 1.6rem;
  color: #FFFFFF;
}

.c3 p {
  grid-area: name;
  font-size: 1.6rem;
  -webkit-letter-spacing: -0.01em;
  -moz-letter-spacing: -0.01em;
  -ms-letter-spacing: -0.01em;
  letter-spacing: -0.01em;
  color: currentColor;
}

.c3 span {
  grid-area: city;
  font-size: 1.2rem;
  opacity: 0.8;
  -webkit-letter-spacing: -0.01em;
  -moz-letter-spacing: -0.01em;
  -ms-letter-spacing: -0.01em;
  letter-spacing: -0.01em;
}

.c4 {
  grid-area: avatar;
  width: 40px;
  height: 40px;
  object-fit: cover;
  border-radius: 100%;
  overflow: hidden;
  border: 1.5px solid #FFFFFF;
}

.c4 img {
  margin-left: -2px !important;
  width: 100%;
  height: 100%;
  object-fit: cover;
}

@media (max-width:450px) {
  .c0 {
    height: 30rem;
  }
}

<div
  class="c0"
>
  <div
    class="c1 c2"
  >
    <span>
      Depois que entrei pra Zapt consegui ter clareza sobre o futuro da minha carreira
    </span>
    <div
      class="c3"
    >
      <div
        class="c4"
      >
        <div
          style="display: inline-block; max-width: 100%; overflow: hidden; position: relative; box-sizing: border-box; margin: 0px;"
        >
          <div
            style="box-sizing: border-box; display: block; max-width: 100%;"
          >
            <img
              alt=""
              aria-hidden="true"
              role="presentation"
              src="data:image/svg+xml;base64,PHN2ZyB3aWR0aD0iNDAiIGhlaWdodD0iNDAiIHhtbG5zPSJodHRwOi8vd3d3LnczLm9yZy8yMDAwL3N2ZyIgdmVyc2lvbj0iMS4xIi8+"
              style="max-width: 100%; display: block; margin: 0px; padding: 0px;"
            />
          </div>
          <noscript />
          <img
            alt="Alan Gabriel"
            decoding="async"
            src="data:image/gif;base64,R0lGODlhAQABAIAAAAAAAP///yH5BAEAAAAALAAAAAABAAEAAAIBRAA7"
            style="position: absolute; top: 0px; left: 0px; bottom: 0px; right: 0px; box-sizing: border-box; padding: 0px; margin: auto; display: block; width: 0px; height: 0px; min-width: 100%; max-width: 100%; min-height: 100%; max-height: 100%; object-fit: cover;"
          />
        </div>
      </div>
      <p>
        Alan Gabriel
      </p>
      <span>
        Arinos
         • 
        Minas Gerais
      </span>
    </div>
  </div>
  <div
    class="c5"
  >
    <div
      style="display: block; overflow: hidden; position: absolute; top: 0px; left: 0px; bottom: 0px; right: 0px; box-sizing: border-box; margin: 0px;"
    >
      <noscript />
      <img
        alt="Imagem de capa do depoimento de Alan Gabriel"
        decoding="async"
        src="data:image/gif;base64,R0lGODlhAQABAIAAAAAAAP///yH5BAEAAAAALAAAAAABAAEAAAIBRAA7"
        style="position: absolute; top: 0px; left: 0px; bottom: 0px; right: 0px; box-sizing: border-box; padding: 0px; margin: auto; display: block; width: 0px; height: 0px; min-width: 100%; max-width: 100%; min-height: 100%; max-height: 100%; object-fit: cover;"
      />
    </div>
  </div>
</div>
`
