// Jest Snapshot v1, https://goo.gl/fbAQLP

exports[`<SectionSocialComments /> should render the button correctly 1`] = `
.c3 {
  width: 100%;
  max-width: 38.4rem;
  -webkit-break-inside: avoid-column;
  break-inside: avoid-column;
  padding: 2.4rem 1.6rem;
  border-radius: 0.4rem;
  background: #EBF4FD;
}

.c3 p {
  font-size: 1.6rem;
  line-height: 137%;
  -webkit-letter-spacing: -0.01em;
  -moz-letter-spacing: -0.01em;
  -ms-letter-spacing: -0.01em;
  letter-spacing: -0.01em;
  color: #011FBB;
}

.c3 p::after {
  content: '”';
}

.c3 p::before {
  content: '“';
}

.c4 {
  display: -webkit-box;
  display: -webkit-flex;
  display: -ms-flexbox;
  display: flex;
  -webkit-align-items: center;
  -webkit-box-align: center;
  -ms-flex-align: center;
  align-items: center;
  gap: 12px;
  margin-top: 1.6rem;
}

.c4 img {
  width: 36px;
  height: 36px;
  object-fit: cover;
  border-radius: 50%;
  border: 1px solid #334BC8;
}

.c4 span {
  font-weight: 500;
  font-size: 1.4rem;
  line-height: 129%;
  -webkit-letter-spacing: -0.01em;
  -moz-letter-spacing: -0.01em;
  -ms-letter-spacing: -0.01em;
  letter-spacing: -0.01em;
  color: #001C33;
}

.c1 {
  font-size: 4.0rem;
  color: #000000;
  font-weight: 500;
}

.c0 {
  width: 100%;
  max-width: 124.8rem;
  margin: 0 auto;
  padding: 0 2.4rem;
}

.c0 h2 {
  text-align: center;
  margin-bottom: 4.8rem;
}

.c2 {
  -webkit-column-count: 3;
  column-count: 3;
}

.c2 > div {
  margin-bottom: 2.4rem;
}

@media (max-width:550px) {
  .c1 {
    font-size: calc(4.0rem / 1.3);
    line-height: 1.3;
  }
}

@media (max-width:550px) {
  .c0 h2 {
    margin-bottom: 3.2rem;
  }
}

@media (max-width:768px) {
  .c2 {
    -webkit-column-count: 2;
    column-count: 2;
  }
}

@media (max-width:450px) {
  .c2 {
    -webkit-column-count: 1;
    column-count: 1;
  }
}

<div
  class="c0"
>
  <h2
    class="c1"
    color="#000000"
    font-weight="500"
  >
    O que estão falando nas redes sociais
  </h2>
  <div
    class="c2"
    data-testid="wraper-social-cards"
  >
    <div
      class="c3"
    >
      <p>
        Eu disse que seria a melhor pessoa para ajudar a criar uma ambiente foda, para construir coisas incríveis
      </p>
      <div
        class="c4"
        title="Alan Gabriel via Twitter"
      >
        <div
          style="display: inline-block; max-width: 100%; overflow: hidden; position: relative; box-sizing: border-box; margin: 0px;"
        >
          <div
            style="box-sizing: border-box; display: block; max-width: 100%;"
          >
            <img
              alt=""
              aria-hidden="true"
              role="presentation"
              src="data:image/svg+xml;base64,PHN2ZyB3aWR0aD0iMzYiIGhlaWdodD0iMzYiIHhtbG5zPSJodHRwOi8vd3d3LnczLm9yZy8yMDAwL3N2ZyIgdmVyc2lvbj0iMS4xIi8+"
              style="max-width: 100%; display: block; margin: 0px; padding: 0px;"
            />
          </div>
          <noscript />
          <img
            alt="Foto de perfil de Alan Gabriel"
            decoding="async"
            src="data:image/gif;base64,R0lGODlhAQABAIAAAAAAAP///yH5BAEAAAAALAAAAAABAAEAAAIBRAA7"
            style="position: absolute; top: 0px; left: 0px; bottom: 0px; right: 0px; box-sizing: border-box; padding: 0px; margin: auto; display: block; width: 0px; height: 0px; min-width: 100%; max-width: 100%; min-height: 100%; max-height: 100%; object-fit: cover;"
          />
        </div>
        <span>
          @
          eualangabriel
        </span>
      </div>
    </div>
    <div
      class="c3"
    >
      <p>
        Depois que entrei pra Zapt consegui ter clareza sobre o futuro da minha carreira
      </p>
      <div
        class="c4"
        title="Alan Gabriel via Twitter"
      >
        <div
          style="display: inline-block; max-width: 100%; overflow: hidden; position: relative; box-sizing: border-box; margin: 0px;"
        >
          <div
            style="box-sizing: border-box; display: block; max-width: 100%;"
          >
            <img
              alt=""
              aria-hidden="true"
              role="presentation"
              src="data:image/svg+xml;base64,PHN2ZyB3aWR0aD0iMzYiIGhlaWdodD0iMzYiIHhtbG5zPSJodHRwOi8vd3d3LnczLm9yZy8yMDAwL3N2ZyIgdmVyc2lvbj0iMS4xIi8+"
              style="max-width: 100%; display: block; margin: 0px; padding: 0px;"
            />
          </div>
          <noscript />
          <img
            alt="Foto de perfil de Alan Gabriel"
            decoding="async"
            src="data:image/gif;base64,R0lGODlhAQABAIAAAAAAAP///yH5BAEAAAAALAAAAAABAAEAAAIBRAA7"
            style="position: absolute; top: 0px; left: 0px; bottom: 0px; right: 0px; box-sizing: border-box; padding: 0px; margin: auto; display: block; width: 0px; height: 0px; min-width: 100%; max-width: 100%; min-height: 100%; max-height: 100%; object-fit: cover;"
          />
        </div>
        <span>
          @
          eualangabriel
        </span>
      </div>
    </div>
    <div
      class="c3"
    >
      <p>
        A oportunidade de ter um mentor que é especialista frontend é um passo gigante pra acelerar a carreira
      </p>
      <div
        class="c4"
        title="Alan Gabriel via Twitter"
      >
        <div
          style="display: inline-block; max-width: 100%; overflow: hidden; position: relative; box-sizing: border-box; margin: 0px;"
        >
          <div
            style="box-sizing: border-box; display: block; max-width: 100%;"
          >
            <img
              alt=""
              aria-hidden="true"
              role="presentation"
              src="data:image/svg+xml;base64,PHN2ZyB3aWR0aD0iMzYiIGhlaWdodD0iMzYiIHhtbG5zPSJodHRwOi8vd3d3LnczLm9yZy8yMDAwL3N2ZyIgdmVyc2lvbj0iMS4xIi8+"
              style="max-width: 100%; display: block; margin: 0px; padding: 0px;"
            />
          </div>
          <noscript />
          <img
            alt="Foto de perfil de Alan Gabriel"
            decoding="async"
            src="data:image/gif;base64,R0lGODlhAQABAIAAAAAAAP///yH5BAEAAAAALAAAAAABAAEAAAIBRAA7"
            style="position: absolute; top: 0px; left: 0px; bottom: 0px; right: 0px; box-sizing: border-box; padding: 0px; margin: auto; display: block; width: 0px; height: 0px; min-width: 100%; max-width: 100%; min-height: 100%; max-height: 100%; object-fit: cover;"
          />
        </div>
        <span>
          @
          eualangabriel
        </span>
      </div>
    </div>
    <div
      class="c3"
    >
      <p>
        Ceis também querem um caneca da Zapt? Tem que ser ousado pra conseguir em! hahaha
      </p>
      <div
        class="c4"
        title="Alan Gabriel via Twitter"
      >
        <div
          style="display: inline-block; max-width: 100%; overflow: hidden; position: relative; box-sizing: border-box; margin: 0px;"
        >
          <div
            style="box-sizing: border-box; display: block; max-width: 100%;"
          >
            <img
              alt=""
              aria-hidden="true"
              role="presentation"
              src="data:image/svg+xml;base64,PHN2ZyB3aWR0aD0iMzYiIGhlaWdodD0iMzYiIHhtbG5zPSJodHRwOi8vd3d3LnczLm9yZy8yMDAwL3N2ZyIgdmVyc2lvbj0iMS4xIi8+"
              style="max-width: 100%; display: block; margin: 0px; padding: 0px;"
            />
          </div>
          <noscript />
          <img
            alt="Foto de perfil de Alan Gabriel"
            decoding="async"
            src="data:image/gif;base64,R0lGODlhAQABAIAAAAAAAP///yH5BAEAAAAALAAAAAABAAEAAAIBRAA7"
            style="position: absolute; top: 0px; left: 0px; bottom: 0px; right: 0px; box-sizing: border-box; padding: 0px; margin: auto; display: block; width: 0px; height: 0px; min-width: 100%; max-width: 100%; min-height: 100%; max-height: 100%; object-fit: cover;"
          />
        </div>
        <span>
          @
          eualangabriel
        </span>
      </div>
    </div>
    <div
      class="c3"
    >
      <p>
        A oportunidade de ter um mentor que é especialista frontend é um passo gigante pra acelerar a carreira
      </p>
      <div
        class="c4"
        title="Alan Gabriel via Twitter"
      >
        <div
          style="display: inline-block; max-width: 100%; overflow: hidden; position: relative; box-sizing: border-box; margin: 0px;"
        >
          <div
            style="box-sizing: border-box; display: block; max-width: 100%;"
          >
            <img
              alt=""
              aria-hidden="true"
              role="presentation"
              src="data:image/svg+xml;base64,PHN2ZyB3aWR0aD0iMzYiIGhlaWdodD0iMzYiIHhtbG5zPSJodHRwOi8vd3d3LnczLm9yZy8yMDAwL3N2ZyIgdmVyc2lvbj0iMS4xIi8+"
              style="max-width: 100%; display: block; margin: 0px; padding: 0px;"
            />
          </div>
          <noscript />
          <img
            alt="Foto de perfil de Alan Gabriel"
            decoding="async"
            src="data:image/gif;base64,R0lGODlhAQABAIAAAAAAAP///yH5BAEAAAAALAAAAAABAAEAAAIBRAA7"
            style="position: absolute; top: 0px; left: 0px; bottom: 0px; right: 0px; box-sizing: border-box; padding: 0px; margin: auto; display: block; width: 0px; height: 0px; min-width: 100%; max-width: 100%; min-height: 100%; max-height: 100%; object-fit: cover;"
          />
        </div>
        <span>
          @
          eualangabriel
        </span>
      </div>
    </div>
    <div
      class="c3"
    >
      <p>
        Depois que entrei pra Zapt consegui ter clareza sobre o futuro da minha carreira
      </p>
      <div
        class="c4"
        title="Alan Gabriel via Twitter"
      >
        <div
          style="display: inline-block; max-width: 100%; overflow: hidden; position: relative; box-sizing: border-box; margin: 0px;"
        >
          <div
            style="box-sizing: border-box; display: block; max-width: 100%;"
          >
            <img
              alt=""
              aria-hidden="true"
              role="presentation"
              src="data:image/svg+xml;base64,PHN2ZyB3aWR0aD0iMzYiIGhlaWdodD0iMzYiIHhtbG5zPSJodHRwOi8vd3d3LnczLm9yZy8yMDAwL3N2ZyIgdmVyc2lvbj0iMS4xIi8+"
              style="max-width: 100%; display: block; margin: 0px; padding: 0px;"
            />
          </div>
          <noscript />
          <img
            alt="Foto de perfil de Alan Gabriel"
            decoding="async"
            src="data:image/gif;base64,R0lGODlhAQABAIAAAAAAAP///yH5BAEAAAAALAAAAAABAAEAAAIBRAA7"
            style="position: absolute; top: 0px; left: 0px; bottom: 0px; right: 0px; box-sizing: border-box; padding: 0px; margin: auto; display: block; width: 0px; height: 0px; min-width: 100%; max-width: 100%; min-height: 100%; max-height: 100%; object-fit: cover;"
          />
        </div>
        <span>
          @
          eualangabriel
        </span>
      </div>
    </div>
    <div
      class="c3"
    >
      <p>
        A oportunidade de ter um mentor que é especialista frontend é um passo gigante pra acelerar a carreira
      </p>
      <div
        class="c4"
        title="Alan Gabriel via Twitter"
      >
        <div
          style="display: inline-block; max-width: 100%; overflow: hidden; position: relative; box-sizing: border-box; margin: 0px;"
        >
          <div
            style="box-sizing: border-box; display: block; max-width: 100%;"
          >
            <img
              alt=""
              aria-hidden="true"
              role="presentation"
              src="data:image/svg+xml;base64,PHN2ZyB3aWR0aD0iMzYiIGhlaWdodD0iMzYiIHhtbG5zPSJodHRwOi8vd3d3LnczLm9yZy8yMDAwL3N2ZyIgdmVyc2lvbj0iMS4xIi8+"
              style="max-width: 100%; display: block; margin: 0px; padding: 0px;"
            />
          </div>
          <noscript />
          <img
            alt="Foto de perfil de Alan Gabriel"
            decoding="async"
            src="data:image/gif;base64,R0lGODlhAQABAIAAAAAAAP///yH5BAEAAAAALAAAAAABAAEAAAIBRAA7"
            style="position: absolute; top: 0px; left: 0px; bottom: 0px; right: 0px; box-sizing: border-box; padding: 0px; margin: auto; display: block; width: 0px; height: 0px; min-width: 100%; max-width: 100%; min-height: 100%; max-height: 100%; object-fit: cover;"
          />
        </div>
        <span>
          @
          eualangabriel
        </span>
      </div>
    </div>
    <div
      class="c3"
    >
      <p>
        A oportunidade de ter um mentor que é especialista frontend é um passo gigante pra acelerar a carreira
      </p>
      <div
        class="c4"
        title="Alan Gabriel via Twitter"
      >
        <div
          style="display: inline-block; max-width: 100%; overflow: hidden; position: relative; box-sizing: border-box; margin: 0px;"
        >
          <div
            style="box-sizing: border-box; display: block; max-width: 100%;"
          >
            <img
              alt=""
              aria-hidden="true"
              role="presentation"
              src="data:image/svg+xml;base64,PHN2ZyB3aWR0aD0iMzYiIGhlaWdodD0iMzYiIHhtbG5zPSJodHRwOi8vd3d3LnczLm9yZy8yMDAwL3N2ZyIgdmVyc2lvbj0iMS4xIi8+"
              style="max-width: 100%; display: block; margin: 0px; padding: 0px;"
            />
          </div>
          <noscript />
          <img
            alt="Foto de perfil de Alan Gabriel"
            decoding="async"
            src="data:image/gif;base64,R0lGODlhAQABAIAAAAAAAP///yH5BAEAAAAALAAAAAABAAEAAAIBRAA7"
            style="position: absolute; top: 0px; left: 0px; bottom: 0px; right: 0px; box-sizing: border-box; padding: 0px; margin: auto; display: block; width: 0px; height: 0px; min-width: 100%; max-width: 100%; min-height: 100%; max-height: 100%; object-fit: cover;"
          />
        </div>
        <span>
          @
          eualangabriel
        </span>
      </div>
    </div>
    <div
      class="c3"
    >
      <p>
        Ceis também querem um caneca da Zapt? Tem que ser ousado pra conseguir em! hahaha
      </p>
      <div
        class="c4"
        title="Alan Gabriel via Twitter"
      >
        <div
          style="display: inline-block; max-width: 100%; overflow: hidden; position: relative; box-sizing: border-box; margin: 0px;"
        >
          <div
            style="box-sizing: border-box; display: block; max-width: 100%;"
          >
            <img
              alt=""
              aria-hidden="true"
              role="presentation"
              src="data:image/svg+xml;base64,PHN2ZyB3aWR0aD0iMzYiIGhlaWdodD0iMzYiIHhtbG5zPSJodHRwOi8vd3d3LnczLm9yZy8yMDAwL3N2ZyIgdmVyc2lvbj0iMS4xIi8+"
              style="max-width: 100%; display: block; margin: 0px; padding: 0px;"
            />
          </div>
          <noscript />
          <img
            alt="Foto de perfil de Alan Gabriel"
            decoding="async"
            src="data:image/gif;base64,R0lGODlhAQABAIAAAAAAAP///yH5BAEAAAAALAAAAAABAAEAAAIBRAA7"
            style="position: absolute; top: 0px; left: 0px; bottom: 0px; right: 0px; box-sizing: border-box; padding: 0px; margin: auto; display: block; width: 0px; height: 0px; min-width: 100%; max-width: 100%; min-height: 100%; max-height: 100%; object-fit: cover;"
          />
        </div>
        <span>
          @
          eualangabriel
        </span>
      </div>
    </div>
  </div>
</div>
`
