// Jest Snapshot v1, https://goo.gl/fbAQLP

exports[`<UserCommentCard /> should math snapshot 1`] = `
.c6 {
  display: -webkit-box;
  display: -webkit-flex;
  display: -ms-flexbox;
  display: flex;
  -webkit-align-items: center;
  -webkit-box-align: center;
  -ms-flex-align: center;
  align-items: center;
}

.c7 {
  position: relative;
  width: 3rem;
  height: 3rem;
  border-radius: 50%;
  border: 0.15rem solid #ffffff;
}

.c8 {
  border-radius: 50%;
}

.c9 {
  color: #ffffff;
  margin-left: 1.6rem;
}

.c10 {
  font-size: 1.4rem;
  font-weight: 400;
}

.c11 {
  font-size: 1.0rem;
  font-weight: 400;
}

.c0 {
  max-width: 58.8rem;
  max-height: 40rem;
  position: relative;
}

.c1 {
  position: relative;
  width: 100%;
  height: 30rem;
  -webkit-filter: brightness(70%);
  filter: brightness(70%);
}

.c2 {
  border-radius: 0.4rem;
}

.c3 {
  position: absolute;
  top: 0;
  right: 0;
  left: 0;
  bottom: 0;
  padding: 2.4rem;
  width: 100%;
  height: 100%;
  display: -webkit-box;
  display: -webkit-flex;
  display: -ms-flexbox;
  display: flex;
  -webkit-flex-direction: column;
  -ms-flex-direction: column;
  flex-direction: column;
  -webkit-box-pack: end;
  -webkit-justify-content: flex-end;
  -ms-flex-pack: end;
  justify-content: flex-end;
}

.c4 {
  width: 85%;
  margin-bottom: 1.6rem;
  font-size: 1.2rem;
}

.c5 {
  color: #ffffff;
}

@media (min-width:450px) {
  .c7 {
    width: 4rem;
    height: 4rem;
  }
}

@media (min-width:450px) {
  .c10 {
    font-size: 1.6rem;
  }
}

@media (min-width:450px) {
  .c11 {
    font-size: 1.2rem;
  }
}

@media (min-width:768px) {
  .c1 {
    height: 40rem;
  }
}

@media (min-width:450px) {
  .c4 {
    font-size: 1.6rem;
  }
}

@media (min-width:768px) {
  .c4 {
    font-size: 1.8rem;
  }
}

@media (min-width:1440px) {
  .c4 {
    font-size: 2.0rem;
  }
}

<div
  class="c0"
>
  <div
    class="c1"
  >
    <img
      alt="Senhora cortante legumes"
      class="c2"
      layout="fill"
      src="https://i.imgur.com/ci2Eulu.png"
    />
  </div>
  <div
    class="c3"
  >
    <p
      class="c4"
    >
      <q
        class="c5"
      >
        Não consigo mais viver sem os produtos do Sítio, a diferença do que eu comprava antes e agora é abissal
      </q>
    </p>
    <div
      class="c6"
    >
      <div
        class="c7"
      >
        <img
          alt="Patricia Godoy"
          class="c8"
          layout="fill"
          src="https://i.imgur.com/8RP8XA9.png"
        />
      </div>
      <div
        class="c9"
      >
        <h3
          class="c10"
        >
          Patricia Godoy
        </h3>
        <p
          class="c11"
        >
          São Paulo
           • 
          São Paulo
        </p>
      </div>
    </div>
  </div>
</div>
`;
